============================= test session starts =============================
platform win32 -- Python 3.12.10, pytest-9.0.2, pluggy-1.6.0
rootdir: C:\Users\Mohit Manglani\OneDrive\Desktop\sentinel_v0
configfile: pyproject.toml
plugins: anyio-4.10.0, langsmith-0.6.6
collected 182 items / 1 error

=================================== ERRORS ====================================
_________________ ERROR collecting tests/test_expectations.py _________________
ImportError while importing test module 'C:\Users\Mohit Manglani\OneDrive\Desktop\sentinel_v0\tests\test_expectations.py'.
Hint: make sure your test modules/packages have valid Python names.
Traceback:
..\..\..\AppData\Local\Programs\Python\Python312\Lib\importlib\__init__.py:90: in import_module
    return _bootstrap._gcd_import(name[level:], package, level)
           ^^^^^^^^^^^^^^^^^^^^^^^^^^^^^^^^^^^^^^^^^^^^^^^^^^^^
tests\test_expectations.py:9: in <module>
    from phylax._internal.expectations import (
E   ImportError: cannot import name 'Verdict' from 'phylax._internal.expectations' (C:\Users\Mohit Manglani\OneDrive\Desktop\sentinel_v0\phylax\_internal\expectations\__init__.py)
============================== warnings summary ===============================
..\..\..\AppData\Local\Programs\Python\Python312\Lib\site-packages\pydantic\_internal\_config.py:323
..\..\..\AppData\Local\Programs\Python\Python312\Lib\site-packages\pydantic\_internal\_config.py:323
..\..\..\AppData\Local\Programs\Python\Python312\Lib\site-packages\pydantic\_internal\_config.py:323
..\..\..\AppData\Local\Programs\Python\Python312\Lib\site-packages\pydantic\_internal\_config.py:323
..\..\..\AppData\Local\Programs\Python\Python312\Lib\site-packages\pydantic\_internal\_config.py:323
..\..\..\AppData\Local\Programs\Python\Python312\Lib\site-packages\pydantic\_internal\_config.py:323
..\..\..\AppData\Local\Programs\Python\Python312\Lib\site-packages\pydantic\_internal\_config.py:323
..\..\..\AppData\Local\Programs\Python\Python312\Lib\site-packages\pydantic\_internal\_config.py:323
  C:\Users\Mohit Manglani\AppData\Local\Programs\Python\Python312\Lib\site-packages\pydantic\_internal\_config.py:323: PydanticDeprecatedSince20: Support for class-based `config` is deprecated, use ConfigDict instead. Deprecated in Pydantic V2.0 to be removed in V3.0. See Pydantic V2 Migration Guide at https://errors.pydantic.dev/2.11/migration/
    warnings.warn(DEPRECATION_MESSAGE, DeprecationWarning)

-- Docs: https://docs.pytest.org/en/stable/how-to/capture-warnings.html
=========================== short test summary info ===========================
ERROR tests/test_expectations.py
!!!!!!!!!!!!!!!!!!! Interrupted: 1 error during collection !!!!!!!!!!!!!!!!!!!!
======================== 8 warnings, 1 error in 0.20s =========================
